
[1m[46m RUN [49m[22m [36mv4.0.15 [39m[90mD:/projects/diplom/skillsoft/frontend-app[39m

 [32m✓[39m src/__tests__/services/assessment-questions-api.test.ts [2m([22m[2m39 tests[22m[2m)[22m[33m 595[2mms[22m[39m
 [32m✓[39m src/__tests__/services/api-error-handling.test.ts [2m([22m[2m29 tests[22m[2m)[22m[33m 627[2mms[22m[39m
 [32m✓[39m src/__tests__/components/error-handling/ErrorBoundary.test.tsx [2m([22m[2m29 tests[22m[2m)[22m[33m 2166[2mms[22m[39m
       [33m[2m✓[22m[39m should catch errors thrown by child components [33m 689[2mms[22m[39m
 [32m✓[39m src/__tests__/components/test-results/TestResultView.test.tsx [2m([22m[2m39 tests[22m[2m)[22m[33m 3136[2mms[22m[39m
       [33m[2m✓[22m[39m should render passed result with trophy icon [33m 445[2mms[22m[39m
       [33m[2m✓[22m[39m should have accessible list role for statistics [33m 1041[2mms[22m[39m
 [31m❯[39m src/__tests__/components/feedback/FeedbackComponents.test.tsx [2m([22m[2m43 tests[22m[2m | [22m[31m1 failed[39m[2m)[22m[33m 3067[2mms[22m[39m
       [32m✓[39m should render error card container[32m 114[2mms[22m[39m
       [32m✓[39m should display warning icon[32m 12[2mms[22m[39m
       [32m✓[39m should display error title[32m 22[2mms[22m[39m
       [32m✓[39m should display error message[32m 9[2mms[22m[39m
       [32m✓[39m should display different error messages[32m 98[2mms[22m[39m
       [32m✓[39m should render retry button when callback is provided[32m 5[2mms[22m[39m
       [32m✓[39m should not render retry button when callback is not provided[32m 3[2mms[22m[39m
       [33m[2m✓[22m[39m should call callback when retry button is clicked [33m 786[2mms[22m[39m
       [33m[2m✓[22m[39m should call callback multiple times on multiple clicks [33m 575[2mms[22m[39m
       [32m✓[39m should display network error message[32m 5[2mms[22m[39m
       [32m✓[39m should display authentication error message[32m 5[2mms[22m[39m
       [32m✓[39m should display authorization error message[32m 4[2mms[22m[39m
       [32m✓[39m should display server error message[32m 4[2mms[22m[39m
       [32m✓[39m should display not found error message[32m 5[2mms[22m[39m
       [32m✓[39m should have accessible icon with aria-label[32m 6[2mms[22m[39m
       [32m✓[39m should render dialog when open is true[32m 9[2mms[22m[39m
       [32m✓[39m should not render dialog when open is false[32m 2[2mms[22m[39m
       [32m✓[39m should display dialog title[32m 9[2mms[22m[39m
       [32m✓[39m should display dialog description[32m 49[2mms[22m[39m
       [32m✓[39m should display entity name[32m 22[2mms[22m[39m
       [32m✓[39m should display warning text[32m 32[2mms[22m[39m
       [32m✓[39m should display trash icon[32m 9[2mms[22m[39m
       [32m✓[39m should display cancel button[32m 31[2mms[22m[39m
       [32m✓[39m should display default confirm button text[32m 30[2mms[22m[39m
       [32m✓[39m should display custom confirm button text[32m 46[2mms[22m[39m
       [32m✓[39m should show deleting state when isDeleting is true[32m 57[2mms[22m[39m
       [32m✓[39m should show normal state when isDeleting is false[32m 98[2mms[22m[39m
       [32m✓[39m should disable buttons when isDeleting is true[32m 13[2mms[22m[39m
       [32m✓[39m should enable buttons when isDeleting is false[32m 6[2mms[22m[39m
       [32m✓[39m should call onOpenChange with false when cancel is clicked[32m 101[2mms[22m[39m
       [32m✓[39m should call onConfirm when confirm is clicked[32m 85[2mms[22m[39m
       [32m✓[39m should not call onConfirm when isDeleting is true[32m 96[2mms[22m[39m
       [32m✓[39m should handle async onConfirm[32m 122[2mms[22m[39m
       [32m✓[39m should have alertdialog role[32m 104[2mms[22m[39m
       [32m✓[39m should have aria-labelledby[32m 110[2mms[22m[39m
       [32m✓[39m should have aria-describedby[32m 50[2mms[22m[39m
       [32m✓[39m should work with competency deletion[32m 5[2mms[22m[39m
       [32m✓[39m should work with behavioral indicator deletion[32m 16[2mms[22m[39m
       [32m✓[39m should work with question deletion[32m 43[2mms[22m[39m
       [32m✓[39m should work with user deletion[32m 5[2mms[22m[39m
       [32m✓[39m should work with test template deletion[32m 6[2mms[22m[39m
[31m     [31m×[31m should handle error card with retry that shows dialog[39m[32m 7[2mms[22m[39m
     [32m✓[39m should handle delete confirmation flow[32m 243[2mms[22m[39m
[90mstderr[2m | src/__tests__/performance/render-performance.test.tsx[2m > [22m[2mLazy Loading Patterns[2m > [22m[2mshould handle lazy load errors gracefully
[22m[39mError: Failed to load
    at D:/projects/diplom/skillsoft/frontend-app/src/__tests__/performance/render-performance.test.tsx:648:22
    at lazyInitializer [90m(D:\projects\diplom\skillsoft\frontend-app\[39mnode_modules\[4mreact[24m\cjs\react.development.js:465:24[90m)[39m
    at Object.react_stack_bottom_frame [90m(D:\projects\diplom\skillsoft\frontend-app\[39mnode_modules\[4mreact-dom[24m\cjs\react-dom-client.development.js:26011:18[90m)[39m
    at resolveLazy [90m(D:\projects\diplom\skillsoft\frontend-app\[39mnode_modules\[4mreact-dom[24m\cjs\react-dom-client.development.js:6012:16[90m)[39m
    at beginWork [90m(D:\projects\diplom\skillsoft\frontend-app\[39mnode_modules\[4mreact-dom[24m\cjs\react-dom-client.development.js:11704:24[90m)[39m
    at runWithFiberInDEV [90m(D:\projects\diplom\skillsoft\frontend-app\[39mnode_modules\[4mreact-dom[24m\cjs\react-dom-client.development.js:874:13[90m)[39m
    at performUnitOfWork [90m(D:\projects\diplom\skillsoft\frontend-app\[39mnode_modules\[4mreact-dom[24m\cjs\react-dom-client.development.js:17641:22[90m)[39m
    at workLoopSync [90m(D:\projects\diplom\skillsoft\frontend-app\[39mnode_modules\[4mreact-dom[24m\cjs\react-dom-client.development.js:17469:41[90m)[39m
    at renderRootSync [90m(D:\projects\diplom\skillsoft\frontend-app\[39mnode_modules\[4mreact-dom[24m\cjs\react-dom-client.development.js:17450:11[90m)[39m
    at performWorkOnRoot [90m(D:\projects\diplom\skillsoft\frontend-app\[39mnode_modules\[4mreact-dom[24m\cjs\react-dom-client.development.js:16504:11[90m)[39m {
  [stack]: [36m[Getter/Setter][39m,
  [message]: [32m'Failed to load'[39m
}

The above error occurred in one of your React components.

React will try to recreate this component tree from scratch using the error boundary you provided, ErrorBoundary.


 [31m❯[39m src/__tests__/performance/render-performance.test.tsx [2m([22m[2m19 tests[22m[2m | [22m[31m1 failed[39m[2m)[22m[33m 6831[2mms[22m[39m
[31m       [31m×[31m should render QuestionCard within acceptable time[39m[32m 254[2mms[22m[39m
       [32m✓[39m should render different question types efficiently[32m 292[2mms[22m[39m
       [33m[2m✓[22m[39m should render Button component quickly [33m 334[2mms[22m[39m
       [32m✓[39m should render button variants without performance regression[32m 51[2mms[22m[39m
       [33m[2m✓[22m[39m should track re-renders on state change [33m 983[2mms[22m[39m
       [33m[2m✓[22m[39m should minimize unnecessary re-renders with memoization [33m 323[2mms[22m[39m
       [32m✓[39m should benefit from useMemo for expensive computations[32m 33[2mms[22m[39m
       [33m[2m✓[22m[39m should render small list quickly [33m 516[2mms[22m[39m
       [33m[2m✓[22m[39m should render medium list in acceptable time [33m 2535[2mms[22m[39m
       [33m[2m✓[22m[39m should render large list with warning if slow [33m 456[2mms[22m[39m
       [32m✓[39m should compare optimized and unoptimized list performance[32m 128[2mms[22m[39m
       [32m✓[39m should clean up event listeners on unmount[32m 12[2mms[22m[39m
       [32m✓[39m should clean up timers on unmount[32m 6[2mms[22m[39m
       [32m✓[39m should clean up intervals on unmount[32m 7[2mms[22m[39m
       [32m✓[39m should unsubscribe from subscriptions on unmount[32m 4[2mms[22m[39m
       [32m✓[39m should not hold stale refs after unmount[32m 4[2mms[22m[39m
     [33m[2m✓[22m[39m should support React.lazy pattern [33m 360[2mms[22m[39m
     [33m[2m✓[22m[39m should handle lazy load errors gracefully [33m 342[2mms[22m[39m
     [32m✓[39m should batch multiple state updates[32m 180[2mms[22m[39m
 [32m✓[39m src/__tests__/services/behavioral-indicators-api.test.ts [2m([22m[2m38 tests[22m[2m)[22m[33m 1375[2mms[22m[39m
       [33m[2m✓[22m[39m should create a new indicator with required fields [33m 331[2mms[22m[39m
 [31m❯[39m src/__tests__/accessibility/a11y-components.test.tsx [2m([22m[2m35 tests[22m[2m | [22m[31m1 failed[39m[2m)[22m[33m 11400[2mms[22m[39m
       [33m[2m✓[22m[39m should allow Tab navigation between options [33m 1317[2mms[22m[39m
       [32m✓[39m should activate option with Enter key[32m 170[2mms[22m[39m
       [32m✓[39m should activate option with Space key[32m 39[2mms[22m[39m
       [32m✓[39m should allow Tab navigation between scale points[32m 249[2mms[22m[39m
       [33m[2m✓[22m[39m should select scale value with keyboard [33m 449[2mms[22m[39m
       [33m[2m✓[22m[39m should focus textarea for keyboard input [33m 1091[2mms[22m[39m
       [33m[2m✓[22m[39m should be focusable with Tab key [33m 592[2mms[22m[39m
       [32m✓[39m should activate with Enter key[32m 193[2mms[22m[39m
       [32m✓[39m should activate with Space key[32m 115[2mms[22m[39m
       [32m✓[39m should not activate when disabled[32m 154[2mms[22m[39m
       [32m✓[39m should have aria-pressed on option buttons[32m 106[2mms[22m[39m
       [33m[2m✓[22m[39m should update aria-pressed when option is selected [33m 501[2mms[22m[39m
       [32m✓[39m should have aria-label on textarea[32m 161[2mms[22m[39m
       [32m✓[39m should have aria-invalid when validation error present[32m 176[2mms[22m[39m
       [32m✓[39m should have aria-describedby linking to error message[32m 227[2mms[22m[39m
       [32m✓[39m should have aria-label on option buttons[32m 129[2mms[22m[39m
       [32m✓[39m should have scenario context with role="note"[32m 264[2mms[22m[39m
       [32m✓[39m should have aria-label on question number indicator[32m 41[2mms[22m[39m
       [32m✓[39m should have proper button role[32m 247[2mms[22m[39m
       [32m✓[39m should support aria-disabled[32m 119[2mms[22m[39m
       [32m✓[39m should support custom aria attributes[32m 84[2mms[22m[39m
       [32m✓[39m should have visible focus styles on buttons[32m 49[2mms[22m[39m
       [32m✓[39m should have visible focus styles on textarea[32m 146[2mms[22m[39m
       [33m[2m✓[22m[39m should maintain focus within question card options [33m 354[2mms[22m[39m
[31m       [31m×[31m should auto-focus textarea in open text questions[39m[32m 273[2mms[22m[39m
       [32m✓[39m should announce validation errors with role="alert"[32m 5[2mms[22m[39m
       [32m✓[39m should have proper label for textarea via aria-label[32m 115[2mms[22m[39m
       [33m[2m✓[22m[39m should provide character count feedback [33m 398[2mms[22m[39m
       [32m✓[39m should show behavioral example higher min chars[32m 9[2mms[22m[39m
       [32m✓[39m should indicate selected state visually and via ARIA[32m 272[2mms[22m[39m
       [32m✓[39m should indicate error state with visual styling[32m 204[2mms[22m[39m
       [33m[2m✓[22m[39m should indicate valid state with visual styling [33m 2936[2mms[22m[39m
       [32m✓[39m should display question type for context[32m 25[2mms[22m[39m
       [32m✓[39m should have minimum touch target size for options[32m 122[2mms[22m[39m
       [32m✓[39m should properly convey disabled state[32m 26[2mms[22m[39m
 [32m✓[39m src/__tests__/services/competencies-api.test.ts [2m([22m[2m35 tests[22m[2m)[22m[33m 738[2mms[22m[39m
 [32m✓[39m src/__tests__/components/test-player/QuestionCard.test.tsx [2m([22m[2m20 tests[22m[2m)[22m[33m 9110[2mms[22m[39m
       [33m[2m✓[22m[39m should call onAnswer when option is clicked [33m 1676[2mms[22m[39m
       [33m[2m✓[22m[39m should render textarea for open text [33m 714[2mms[22m[39m
       [33m[2m✓[22m[39m should show character count [33m 1189[2mms[22m[39m
       [33m[2m✓[22m[39m should call onAnswer with text input [33m 657[2mms[22m[39m
       [33m[2m✓[22m[39m should show validation when text is long enough [33m 2789[2mms[22m[39m
       [33m[2m✓[22m[39m should have aria-label on textarea [33m 302[2mms[22m[39m
       [33m[2m✓[22m[39m should have aria-describedby linking to error [33m 314[2mms[22m[39m
[90mstderr[2m | src/__tests__/components/layout/lens-switcher.test.tsx[2m > [22m[2mLens Switching[2m > [22m[2mLens Color Themes[2m > [22m[2mshould return distinct colors for each lens
[22m[39mAn update to TestComponent inside a test was not wrapped in act(...).

When testing, code that causes React state updates should be wrapped into act(...):

act(() => {
  /* fire events that update state */
});
/* assert on the output */

This ensures that you're testing the behavior the user would see in the browser. Learn more at https://react.dev/link/wrap-tests-with-act
An update to TestComponent inside a test was not wrapped in act(...).

When testing, code that causes React state updates should be wrapped into act(...):

act(() => {
  /* fire events that update state */
});
/* assert on the output */

This ensures that you're testing the behavior the user would see in the browser. Learn more at https://react.dev/link/wrap-tests-with-act
An update to TestComponent inside a test was not wrapped in act(...).

When testing, code that causes React state updates should be wrapped into act(...):

act(() => {
  /* fire events that update state */
});
/* assert on the output */

This ensures that you're testing the behavior the user would see in the browser. Learn more at https://react.dev/link/wrap-tests-with-act

 [32m✓[39m src/__tests__/components/layout/lens-switcher.test.tsx [2m([22m[2m22 tests[22m[2m)[22m[32m 294[2mms[22m[39m
 [32m✓[39m src/__tests__/integration/entity-hierarchy.test.ts [2m([22m[2m33 tests[22m[2m)[22m[33m 648[2mms[22m[39m
 [32m✓[39m src/__tests__/services/test-templates-api.test.ts [2m([22m[2m28 tests[22m[2m)[22m[33m 1290[2mms[22m[39m
 [32m✓[39m src/__tests__/services/users-api.test.ts [2m([22m[2m34 tests[22m[2m)[22m[33m 508[2mms[22m[39m
 [32m✓[39m src/__tests__/components/layout/app-sidebar.test.tsx [2m([22m[2m26 tests[22m[2m)[22m[33m 558[2mms[22m[39m
 [32m✓[39m src/__tests__/validation/form-validation.test.ts [2m([22m[2m55 tests[22m[2m)[22m[32m 181[2mms[22m[39m
 [32m✓[39m src/__tests__/lib/breadcrumbs.test.ts [2m([22m[2m32 tests[22m[2m)[22m[33m 464[2mms[22m[39m
 [32m✓[39m src/__tests__/components/test-templates/DeleteTestTemplateButton.test.tsx [2m([22m[2m29 tests[22m[2m)[22m[33m 10127[2mms[22m[39m
       [33m[2m✓[22m[39m should render delete button [33m 1111[2mms[22m[39m
       [33m[2m✓[22m[39m should display template name in dialog [33m 494[2mms[22m[39m
       [33m[2m✓[22m[39m should display warning message in dialog [33m 487[2mms[22m[39m
       [33m[2m✓[22m[39m should show cancel and confirm buttons in dialog [33m 483[2mms[22m[39m
       [33m[2m✓[22m[39m should close dialog on cancel click [33m 717[2mms[22m[39m
       [33m[2m✓[22m[39m should call deleteTestTemplate on confirm [33m 401[2mms[22m[39m
       [33m[2m✓[22m[39m should show success toast on successful deletion [33m 305[2mms[22m[39m
       [33m[2m✓[22m[39m should navigate to test-templates page after deletion [33m 426[2mms[22m[39m
       [33m[2m✓[22m[39m should refresh the page after deletion [33m 423[2mms[22m[39m
       [33m[2m✓[22m[39m should show error toast on deletion failure [33m 487[2mms[22m[39m
       [33m[2m✓[22m[39m should not navigate on deletion failure [33m 528[2mms[22m[39m
       [33m[2m✓[22m[39m should disable button during deletion [33m 442[2mms[22m[39m
       [33m[2m✓[22m[39m should disable cancel button during deletion [33m 436[2mms[22m[39m
       [33m[2m✓[22m[39m should disable main button during deletion [33m 404[2mms[22m[39m
       [33m[2m✓[22m[39m should show loading spinner during deletion [33m 356[2mms[22m[39m
       [33m[2m✓[22m[39m should display Russian button labels in dialog [33m 440[2mms[22m[39m
 [32m✓[39m src/__tests__/hooks/useIsRouteVisible.test.ts [2m([22m[2m25 tests[22m[2m)[22m[33m 768[2mms[22m[39m
 [31m❯[39m src/__tests__/accessibility/focus-navigation.test.tsx [2m([22m[2m20 tests[22m[2m | [22m[31m1 failed[39m[2m)[22m[33m 7699[2mms[22m[39m
       [33m[2m✓[22m[39m should follow logical tab order in forms [33m 2625[2mms[22m[39m
       [33m[2m✓[22m[39m should support shift+tab for reverse navigation [33m 637[2mms[22m[39m
       [33m[2m✓[22m[39m should navigate through links in order [33m 571[2mms[22m[39m
       [32m✓[39m should move focus to modal when opened[32m 158[2mms[22m[39m
       [33m[2m✓[22m[39m should have proper modal ARIA attributes [33m 306[2mms[22m[39m
[31m       [31m×[31m should allow interaction with modal content[39m[33m 506[2mms[22m[39m
     [32m✓[39m should have skip link targeting main content[32m 70[2mms[22m[39m
     [32m✓[39m should have main content with matching id[32m 50[2mms[22m[39m
     [32m✓[39m should be first focusable element[32m 136[2mms[22m[39m
     [33m[2m✓[22m[39m should have proper landmark roles [33m 705[2mms[22m[39m
     [32m✓[39m should have labeled navigation[32m 53[2mms[22m[39m
     [33m[2m✓[22m[39m should restore focus when modal closes [33m 450[2mms[22m[39m
     [32m✓[39m should have focus-visible styles on buttons[32m 86[2mms[22m[39m
     [32m✓[39m should have focus styles on form inputs[32m 44[2mms[22m[39m
     [32m✓[39m should support Escape to close modal[32m 172[2mms[22m[39m
     [32m✓[39m should support Enter to submit form[32m 139[2mms[22m[39m
     [32m✓[39m should have descriptive button text[32m 282[2mms[22m[39m
     [33m[2m✓[22m[39m should have descriptive link text [33m 372[2mms[22m[39m
     [32m✓[39m should have proper heading hierarchy[32m 284[2mms[22m[39m
     [32m✓[39m should have labels associated with inputs via htmlFor[32m 38[2mms[22m[39m
 [32m✓[39m src/__tests__/hooks/useLens.test.ts [2m([22m[2m23 tests[22m[2m)[22m[33m 797[2mms[22m[39m
 [32m✓[39m src/__tests__/config/lens-configs.test.ts [2m([22m[2m61 tests[22m[2m)[22m[32m 125[2mms[22m[39m
 [32m✓[39m src/__tests__/services/test-results-api.test.ts [2m([22m[2m36 tests[22m[2m)[22m[33m 449[2mms[22m[39m
[90mstderr[2m | src/__tests__/hooks/use-entity-stats.test.ts[2m > [22m[2museEntityStats[2m > [22m[2mshould start in loading state
[22m[39mAn update to TestComponent inside a test was not wrapped in act(...).

When testing, code that causes React state updates should be wrapped into act(...):

act(() => {
  /* fire events that update state */
});
/* assert on the output */

This ensures that you're testing the behavior the user would see in the browser. Learn more at https://react.dev/link/wrap-tests-with-act
An update to TestComponent inside a test was not wrapped in act(...).

When testing, code that causes React state updates should be wrapped into act(...):

act(() => {
  /* fire events that update state */
});
/* assert on the output */

This ensures that you're testing the behavior the user would see in the browser. Learn more at https://react.dev/link/wrap-tests-with-act

 [32m✓[39m src/__tests__/hooks/use-entity-stats.test.ts [2m([22m[2m11 tests[22m[2m)[22m[33m 369[2mms[22m[39m
 [32m✓[39m src/__tests__/store/lens-selectors.test.ts [2m([22m[2m50 tests[22m[2m)[22m[32m 47[2mms[22m[39m
 [32m✓[39m src/__tests__/store/lens-store.test.ts [2m([22m[2m20 tests[22m[2m)[22m[32m 20[2mms[22m[39m
 [32m✓[39m src/__tests__/lib/ui-utils.test.ts [2m([22m[2m50 tests[22m[2m)[22m[32m 27[2mms[22m[39m
